Archive member included to satisfy reference by file (symbol)

C:\Users\HONGKE~1\DOCUME~1\GitHub\L5D26D~1.CAN\02FA1B~1.FAU\CANFD_~2\erika\lib\libarduinosdk.a(wiring.c.o)
                              obj/../lib/ACAN2517FD/ACAN2517FD.cpp.o (millis)
C:\Users\HONGKE~1\DOCUME~1\GitHub\L5D26D~1.CAN\02FA1B~1.FAU\CANFD_~2\erika\lib\libarduinosdk.a(wiring_digital.c.o)
                              obj/../lib/ACAN2517FD/ACAN2517FD.cpp.o (pinMode)
C:\Users\HONGKE~1\DOCUME~1\GitHub\L5D26D~1.CAN\02FA1B~1.FAU\CANFD_~2\erika\lib\libarduinosdk.a(WInterrupts.c.o)
                              obj/../lib/ACAN2517FD/ACAN2517FD.cpp.o (attachInterrupt)
C:\Users\HONGKE~1\DOCUME~1\GitHub\L5D26D~1.CAN\02FA1B~1.FAU\CANFD_~2\erika\lib\libarduinosdk.a(HardwareSerial.cpp.o)
                              obj/bsw.cpp.o (_ZN14HardwareSerial5beginEmh)
C:\Users\HONGKE~1\DOCUME~1\GitHub\L5D26D~1.CAN\02FA1B~1.FAU\CANFD_~2\erika\lib\libarduinosdk.a(HardwareSerial0.cpp.o)
                              obj/bsw.cpp.o (Serial)
C:\Users\HONGKE~1\DOCUME~1\GitHub\L5D26D~1.CAN\02FA1B~1.FAU\CANFD_~2\erika\lib\libarduinosdk.a(new.cpp.o)
                              obj/../lib/ACAN2517FD/ACAN2517FD.cpp.o (_Znwj)
C:\Users\HONGKE~1\DOCUME~1\GitHub\L5D26D~1.CAN\02FA1B~1.FAU\CANFD_~2\erika\lib\libarduinosdk.a(Print.cpp.o)
                              C:\Users\HONGKE~1\DOCUME~1\GitHub\L5D26D~1.CAN\02FA1B~1.FAU\CANFD_~2\erika\lib\libarduinosdk.a(HardwareSerial.cpp.o) (_ZN5Print5writeEPKhj)
C:\Users\HONGKE~1\DOCUME~1\GitHub\L5D26D~1.CAN\02FA1B~1.FAU\CANFD_~2\erika\lib\libarduinosdk.a(hooks.c.o)
                              C:\Users\HONGKE~1\DOCUME~1\GitHub\L5D26D~1.CAN\02FA1B~1.FAU\CANFD_~2\erika\lib\libarduinosdk.a(wiring.c.o) (yield)
C:\Users\HONGKE~1\DOCUME~1\GitHub\L5D26D~1.CAN\02FA1B~1.FAU\CANFD_~2\erika\lib\libarduinosdk.a(abi.cpp.o)
                              C:\Users\HONGKE~1\DOCUME~1\GitHub\L5D26D~1.CAN\02FA1B~1.FAU\CANFD_~2\erika\lib\libarduinosdk.a(Print.cpp.o) (__cxa_pure_virtual)
C:\Users\HONGKE~1\DOCUME~1\GitHub\L5D26D~1.CAN\02FA1B~1.FAU\CANFD_~2\erika\lib\libee.a(ee_atmega_timer1ctc.c.o)
                              obj/bsw.cpp.o (OsEE_atmega_startTimer1)
C:\Users\HONGKE~1\DOCUME~1\GitHub\L5D26D~1.CAN\02FA1B~1.FAU\CANFD_~2\erika\lib\libee.a(ee_oo_api_osek.c.o)
                              obj/bsw.cpp.o (StartOS)
C:\Users\HONGKE~1\DOCUME~1\GitHub\L5D26D~1.CAN\02FA1B~1.FAU\CANFD_~2\erika\lib\libee.a(ee_oo_sched_entry_points.c.o)
                              obj/ee_applcfg.c.o (osEE_idle_hook_wrapper)
C:\Users\HONGKE~1\DOCUME~1\GitHub\L5D26D~1.CAN\02FA1B~1.FAU\CANFD_~2\erika\lib\libee.a(ee_oo_scheduler.c.o)
                              C:\Users\HONGKE~1\DOCUME~1\GitHub\L5D26D~1.CAN\02FA1B~1.FAU\CANFD_~2\erika\lib\libee.a(ee_oo_api_osek.c.o) (osEE_scheduler_core_pop_running)
C:\Users\HONGKE~1\DOCUME~1\GitHub\L5D26D~1.CAN\02FA1B~1.FAU\CANFD_~2\erika\lib\libee.a(ee_oo_kernel.c.o)
                              C:\Users\HONGKE~1\DOCUME~1\GitHub\L5D26D~1.CAN\02FA1B~1.FAU\CANFD_~2\erika\lib\libee.a(ee_oo_api_osek.c.o) (osEE_task_activated)
C:\Users\HONGKE~1\DOCUME~1\GitHub\L5D26D~1.CAN\02FA1B~1.FAU\CANFD_~2\erika\lib\libee.a(ee_oo_sched_partitioned.c.o)
                              C:\Users\HONGKE~1\DOCUME~1\GitHub\L5D26D~1.CAN\02FA1B~1.FAU\CANFD_~2\erika\lib\libee.a(ee_oo_api_osek.c.o) (osEE_scheduler_task_activated)
C:\Users\HONGKE~1\DOCUME~1\GitHub\L5D26D~1.CAN\02FA1B~1.FAU\CANFD_~2\erika\lib\libee.a(ee_oo_counter.c.o)
                              C:\Users\HONGKE~1\DOCUME~1\GitHub\L5D26D~1.CAN\02FA1B~1.FAU\CANFD_~2\erika\lib\libee.a(ee_oo_api_osek.c.o) (osEE_counter_increment)
C:\Users\HONGKE~1\DOCUME~1\GitHub\L5D26D~1.CAN\02FA1B~1.FAU\CANFD_~2\erika\lib\libee.a(ee_oo_alarm.c.o)
                              C:\Users\HONGKE~1\DOCUME~1\GitHub\L5D26D~1.CAN\02FA1B~1.FAU\CANFD_~2\erika\lib\libee.a(ee_oo_api_osek.c.o) (osEE_alarm_set_rel)
C:\Users\HONGKE~1\DOCUME~1\GitHub\L5D26D~1.CAN\02FA1B~1.FAU\CANFD_~2\erika\lib\libee.a(ee_std_change_context.c.o)
                              C:\Users\HONGKE~1\DOCUME~1\GitHub\L5D26D~1.CAN\02FA1B~1.FAU\CANFD_~2\erika\lib\libee.a(ee_oo_api_osek.c.o) (osEE_change_context_from_running)
C:\Users\HONGKE~1\DOCUME~1\GitHub\L5D26D~1.CAN\02FA1B~1.FAU\CANFD_~2\erika\lib\libee.a(ee_atmega_intvect.c.o)
                              C:\Users\HONGKE~1\DOCUME~1\GitHub\L5D26D~1.CAN\02FA1B~1.FAU\CANFD_~2\erika\lib\libee.a(ee_oo_api_osek.c.o) (osEE_atmega_intvect)
C:\Users\HONGKE~1\DOCUME~1\GitHub\L5D26D~1.CAN\02FA1B~1.FAU\CANFD_~2\erika\lib\libee.a(ee_avr8_asm.S.o)
                              C:\Users\HONGKE~1\DOCUME~1\GitHub\L5D26D~1.CAN\02FA1B~1.FAU\CANFD_~2\erika\lib\libee.a(ee_std_change_context.c.o) (osEE_hal_save_ctx_and_restore_ctx)
C:\Users\HONGKE~1\DOCUME~1\GitHub\L5D26D~1.CAN\02FA1B~1.FAU\CANFD_~2\erika\lib\libee.a(ee_avr8_irqstub.c.o)
                              C:\Users\HONGKE~1\DOCUME~1\GitHub\L5D26D~1.CAN\02FA1B~1.FAU\CANFD_~2\erika\lib\libee.a(ee_atmega_intvect.c.o) (osEE_avr8_isr2_stub)
[...]
Memory Configuration

Name             Origin             Length             Attributes
text             0x00000000         0x00020000         xr
data             0x00800060         0x0000ffa0         rw !x
eeprom           0x00810000         0x00010000         rw !x
fuse             0x00820000         0x00000003         rw !x
lock             0x00830000         0x00000400         rw !x
signature        0x00840000         0x00000400         rw !x
user_signatures  0x00850000         0x00000400         rw !x
*default*        0x00000000         0xffffffff

Linker script and memory map

Address of section .data set to 0x800100
LOAD c:/arduino/hardware/tools/avr/bin/../lib/gcc/avr/7.3.0/../../../../avr/lib/avr5/crtatmega328p.o
LOAD obj/../lib/ACAN2517FD/ACAN2517FD.cpp.o
LOAD obj/../lib/ACAN2517FD/ACAN2517FDSettings.cpp.o
LOAD obj/SPI.cpp.o
LOAD obj/asw.c.o
LOAD obj/bsw.cpp.o
LOAD obj/ee_applcfg.c.o
START GROUP
LOAD C:\Users\HONGKE~1\DOCUME~1\GitHub\L5D26D~1.CAN\02FA1B~1.FAU\CANFD_~2\erika\lib\libarduinosdk.a
LOAD C:\Users\HONGKE~1\DOCUME~1\GitHub\L5D26D~1.CAN\02FA1B~1.FAU\CANFD_~2\erika\lib\libee.a
END GROUP
LOAD c:/arduino/hardware/tools/avr/bin/../lib/gcc/avr/7.3.0/../../../../avr/lib/avr5\libm.a
START GROUP
LOAD c:/arduino/hardware/tools/avr/bin/../lib/gcc/avr/7.3.0/avr5\libgcc.a
LOAD c:/arduino/hardware/tools/avr/bin/../lib/gcc/avr/7.3.0/../../../../avr/lib/avr5\libm.a
LOAD c:/arduino/hardware/tools/avr/bin/../lib/gcc/avr/7.3.0/../../../../avr/lib/avr5\libc.a
LOAD c:/arduino/hardware/tools/avr/bin/../lib/gcc/avr/7.3.0/../../../../avr/lib/avr5\libatmega328p.a
END GROUP
                0x00020000                __TEXT_REGION_LENGTH__ = DEFINED (__TEXT_REGION_LENGTH__)?__TEXT_REGION_LENGTH__:0x20000
                0x0000ffa0                __DATA_REGION_LENGTH__ = DEFINED (__DATA_REGION_LENGTH__)?__DATA_REGION_LENGTH__:0xffa0
                0x00010000                __EEPROM_REGION_LENGTH__ = DEFINED (__EEPROM_REGION_LENGTH__)?__EEPROM_REGION_LENGTH__:0x10000
                [0x00000003]                __FUSE_REGION_LENGTH__ = DEFINED (__FUSE_REGION_LENGTH__)?__FUSE_REGION_LENGTH__:0x400
                0x00000400                __LOCK_REGION_LENGTH__ = DEFINED (__LOCK_REGION_LENGTH__)?__LOCK_REGION_LENGTH__:0x400
                0x00000400                __SIGNATURE_REGION_LENGTH__ = DEFINED (__SIGNATURE_REGION_LENGTH__)?__SIGNATURE_REGION_LENGTH__:0x400
                0x00000400                __USER_SIGNATURE_REGION_LENGTH__ = DEFINED (__USER_SIGNATURE_REGION_LENGTH__)?__USER_SIGNATURE_REGION_LENGTH__:0x400
                0x00800060                __DATA_REGION_ORIGIN__ = DEFINED (__DATA_REGION_ORIGIN__)?__DATA_REGION_ORIGIN__:0x800060

.hash
 *(.hash)

.dynsym
 *(.dynsym)

.dynstr
 *(.dynstr)

.gnu.version
 *(.gnu.version)

.gnu.version_d
 *(.gnu.version_d)

.gnu.version_r
 *(.gnu.version_r)

.rel.init
 *(.rel.init)

.rela.init
 *(.rela.init)

.rel.text
 *(.rel.text)
 *(.rel.text.*)
 *(.rel.gnu.linkonce.t*)

.rela.text
 *(.rela.text)
 *(.rela.text.*)
 *(.rela.gnu.linkonce.t*)

.rel.fini
 *(.rel.fini)

.rela.fini
 *(.rela.fini)

.rel.rodata
 *(.rel.rodata)
 *(.rel.rodata.*)
 *(.rel.gnu.linkonce.r*)

.rela.rodata
 *(.rela.rodata)
 *(.rela.rodata.*)
 *(.rela.gnu.linkonce.r*)

.rel.data
 *(.rel.data)
 *(.rel.data.*)
 *(.rel.gnu.linkonce.d*)

.rela.data
 *(.rela.data)
 *(.rela.data.*)
 *(.rela.gnu.linkonce.d*)

.rel.ctors
 *(.rel.ctors)

.rela.ctors
 *(.rela.ctors)

.rel.dtors
 *(.rel.dtors)

.rela.dtors
 *(.rela.dtors)

.rel.got
 *(.rel.got)

.rela.got
 *(.rela.got)

.rel.bss
 *(.rel.bss)

.rela.bss
 *(.rela.bss)

.rel.plt
 *(.rel.plt)

.rela.plt
 *(.rela.plt)

.text           0x00000000     0x456c
 *(.vectors)
 .vectors       0x00000000       0x68 c:/arduino/hardware/tools/avr/bin/../lib/gcc/avr/7.3.0/../../../../avr/lib/avr5/crtatmega328p.o
                0x00000000                __vectors
 *(.vectors)
 *(.progmem.gcc*)
                0x00000068                . = ALIGN (0x2)
                0x00000068                __trampolines_start = .
 *(.trampolines)
 .trampolines   0x00000068        0x0 linker stubs
 *(.trampolines*)
                0x00000068                __trampolines_end = .
 *libprintf_flt.a:*(.progmem.data)
 *libc.a:*(.progmem.data)
 *(.progmem*)
 .progmem.data.digital_pin_to_timer_PGM
                0x00000068       0x14 C:\Users\HONGKE~1\DOCUME~1\GitHub\L5D26D~1.CAN\02FA1B~1.FAU\CANFD_~2\erika\lib\libarduinosdk.a(wiring_digital.c.o)
                0x00000068                digital_pin_to_timer_PGM
 .progmem.data.digital_pin_to_bit_mask_PGM
                0x0000007c       0x14 C:\Users\HONGKE~1\DOCUME~1\GitHub\L5D26D~1.CAN\02FA1B~1.FAU\CANFD_~2\erika\lib\libarduinosdk.a(wiring_digital.c.o)
                0x0000007c                digital_pin_to_bit_mask_PGM
 .progmem.data.digital_pin_to_port_PGM
                0x00000090       0x14 C:\Users\HONGKE~1\DOCUME~1\GitHub\L5D26D~1.CAN\02FA1B~1.FAU\CANFD_~2\erika\lib\libarduinosdk.a(wiring_digital.c.o)
                0x00000090                digital_pin_to_port_PGM
 .progmem.data.port_to_output_PGM
                0x000000a4        0xa C:\Users\HONGKE~1\DOCUME~1\GitHub\L5D26D~1.CAN\02FA1B~1.FAU\CANFD_~2\erika\lib\libarduinosdk.a(wiring_digital.c.o)
                0x000000a4                port_to_output_PGM
 .progmem.data.port_to_mode_PGM
                0x000000ae        0xa C:\Users\HONGKE~1\DOCUME~1\GitHub\L5D26D~1.CAN\02FA1B~1.FAU\CANFD_~2\erika\lib\libarduinosdk.a(wiring_digital.c.o)
                0x000000ae                port_to_mode_PGM
                0x000000b8                . = ALIGN (0x2)
 *(.jumptables)
 *(.jumptables*)
 *(.lowtext)
 *(.lowtext*)
                0x000000b8                __ctors_start = .
 *(.ctors)
 .ctors         0x000000b8        0x2 obj/bsw.cpp.o
 .ctors         0x000000ba        0x2 C:\Users\HONGKE~1\DOCUME~1\GitHub\L5D26D~1.CAN\02FA1B~1.FAU\CANFD_~2\erika\lib\libarduinosdk.a(HardwareSerial0.cpp.o)
                0x000000bc                __ctors_end = .
                0x000000bc                __dtors_start = .
 *(.dtors)
 .dtors         0x000000bc        0x2 obj/bsw.cpp.o
                0x000000be                __dtors_end = .
 SORT(*)(.ctors)
 SORT(*)(.dtors)
 *(.init0)
 .init0         0x000000be        0x0 c:/arduino/hardware/tools/avr/bin/../lib/gcc/avr/7.3.0/../../../../avr/lib/avr5/crtatmega328p.o
                0x000000be                __init
 *(.init0)
 *(.init1)
 *(.init1)
 *(.init2)
 .init2         0x000000be        0xc c:/arduino/hardware/tools/avr/bin/../lib/gcc/avr/7.3.0/../../../../avr/lib/avr5/crtatmega328p.o
 *(.init2)
 *(.init3)
 *(.init3)
 *(.init4)
 .init4         0x000000ca       0x16 c:/arduino/hardware/tools/avr/bin/../lib/gcc/avr/7.3.0/avr5\libgcc.a(_copy_data.o)
                0x000000ca                __do_copy_data
 .init4         0x000000e0       0x10 c:/arduino/hardware/tools/avr/bin/../lib/gcc/avr/7.3.0/avr5\libgcc.a(_clear_bss.o)
                0x000000e0                __do_clear_bss
 *(.init4)
 *(.init5)
 *(.init5)
 *(.init6)
 .init6         0x000000f0       0x16 c:/arduino/hardware/tools/avr/bin/../lib/gcc/avr/7.3.0/avr5\libgcc.a(_ctors.o)
                0x000000f0                __do_global_ctors
 *(.init6)
 *(.init7)
 *(.init7)
 *(.init8)
 *(.init8)
 *(.init9)
 .init9         0x00000106        0x8 c:/arduino/hardware/tools/avr/bin/../lib/gcc/avr/7.3.0/../../../../avr/lib/avr5/crtatmega328p.o
 *(.init9)
 *(.text)
 .text          0x0000010e        0x4 c:/arduino/hardware/tools/avr/bin/../lib/gcc/avr/7.3.0/../../../../avr/lib/avr5/crtatmega328p.o
                0x0000010e                __vector_22
                0x0000010e                __vector_24
                0x0000010e                __vector_12
                0x0000010e                __bad_interrupt
                0x0000010e                __vector_6
                0x0000010e                __vector_3
                0x0000010e                __vector_23
                0x0000010e                __vector_25
                0x0000010e                __vector_13
                0x0000010e                __vector_17
                0x0000010e                __vector_7
                0x0000010e                __vector_5
                0x0000010e                __vector_4
                0x0000010e                __vector_9
                0x0000010e                __vector_21
                0x0000010e                __vector_15
                0x0000010e                __vector_8
                0x0000010e                __vector_14
                0x0000010e                __vector_10
                0x0000010e                __vector_20
 *fill*         0x00000112        0x2 
 .text          0x00000114       0xe4 C:\Users\HONGKE~1\DOCUME~1\GitHub\L5D26D~1.CAN\02FA1B~1.FAU\CANFD_~2\erika\lib\libee.a(ee_avr8_asm.S.o)
                0x00000114                osEE_hal_save_ctx_and_restore_ctx
                0x00000154                osEE_hal_restore_ctx
                0x00000194                osEE_hal_ready2stacked
                0x000001a4                osEE_hal_save_ctx_and_ready2stacked
                0x000001e4                osEE_hal_terminate_ctx
                0x000001f8                . = ALIGN (0x2)
 *(.text.*)
 .text._ZL23enterU32InBufferAtIndexmPhh
                0x000001f8       0x10 obj/../lib/ACAN2517FD/ACAN2517FD.cpp.o
 .text._ZL20u32FromBufferAtIndexPhh
                0x00000208       0x22 obj/../lib/ACAN2517FD/ACAN2517FD.cpp.o
 .text._ZL19lengthCodeForLengthh
                0x0000022a       0x70 obj/../lib/ACAN2517FD/ACAN2517FD.cpp.o
 .text._ZN12ACANFDBuffer6removeER12CANFDMessage.part.2
                0x0000029a       0x74 obj/../lib/ACAN2517FD/ACAN2517FD.cpp.o
 .text._ZN8SPIClass8transferEPvj.part.5
                0x0000030e       0x34 obj/../lib/ACAN2517FD/ACAN2517FD.cpp.o
 .text._ZN12CANFDMessageC2Ev
                0x00000342       0x26 obj/../lib/ACAN2517FD/ACAN2517FD.cpp.o
                0x00000342                _ZN12CANFDMessageC2Ev
                0x00000342                _ZN12CANFDMessageC1Ev
 .text._ZN12ACANFDBuffer12initWithSizeEm
                0x00000368       0xb6 obj/../lib/ACAN2517FD/ACAN2517FD.cpp.o
                0x00000368                _ZN12ACANFDBuffer12initWithSizeEm
 .text._ZN12ACANFDBuffer6appendERK12CANFDMessage
                0x0000041e       0xd2 obj/../lib/ACAN2517FD/ACAN2517FD.cpp.o
                0x0000041e                _ZN12ACANFDBuffer6appendERK12CANFDMessage
 .text._ZN8SPIClass16beginTransactionE11SPISettings
                0x000004f0       0x34 obj/../lib/ACAN2517FD/ACAN2517FD.cpp.o
                0x000004f0                _ZN8SPIClass16beginTransactionE11SPISettings
 .text._ZN8SPIClass10transfer16Ej
                0x00000524       0x3a obj/../lib/ACAN2517FD/ACAN2517FD.cpp.o
                0x00000524                _ZN8SPIClass10transfer16Ej
 .text._ZN8SPIClass14endTransactionEv
                0x0000055e       0x22 obj/../lib/ACAN2517FD/ACAN2517FD.cpp.o
                0x0000055e                _ZN8SPIClass14endTransactionEv
 .text._ZN10ACAN2517FD8assertCSEv
                0x00000580       0x18 obj/../lib/ACAN2517FD/ACAN2517FD.cpp.o
                0x00000580                _ZN10ACAN2517FD8assertCSEv
 .text._ZN10ACAN2517FD10deassertCSEv
                0x00000598       0x16 obj/../lib/ACAN2517FD/ACAN2517FD.cpp.o
                0x00000598                _ZN10ACAN2517FD10deassertCSEv
 .text._ZN10ACAN2517FDC2EhR8SPIClassh
                0x000005ae       0x72 obj/../lib/ACAN2517FD/ACAN2517FD.cpp.o
                0x000005ae                _ZN10ACAN2517FDC2EhR8SPIClassh
                0x000005ae                _ZN10ACAN2517FDC1EhR8SPIClassh
 .text._ZN10ACAN2517FD37writeRegister32Assume_SPI_transactionEjm
                0x00000620       0x66 obj/../lib/ACAN2517FD/ACAN2517FD.cpp.o
                0x00000620                _ZN10ACAN2517FD37writeRegister32Assume_SPI_transactionEjm
 .text._ZN10ACAN2517FD36writeRegister8Assume_SPI_transactionEjh
                0x00000686       0x42 obj/../lib/ACAN2517FD/ACAN2517FD.cpp.o
                0x00000686                _ZN10ACAN2517FD36writeRegister8Assume_SPI_transactionEjh
 .text._ZN10ACAN2517FD36readRegister32Assume_SPI_transactionEj
                0x000006c8       0x5a obj/../lib/ACAN2517FD/ACAN2517FD.cpp.o
                0x000006c8                _ZN10ACAN2517FD36readRegister32Assume_SPI_transactionEj
 .text._ZN10ACAN2517FD24appendInControllerTxFIFOERK12CANFDMessage
                0x00000722      0x1e8 obj/../lib/ACAN2517FD/ACAN2517FD.cpp.o
                0x00000722                _ZN10ACAN2517FD24appendInControllerTxFIFOERK12CANFDMessage
 .text._ZN10ACAN2517FD17transmitInterruptEv
                0x0000090a       0x7a obj/../lib/ACAN2517FD/ACAN2517FD.cpp.o
                0x0000090a                _ZN10ACAN2517FD17transmitInterruptEv
 .text._ZN10ACAN2517FD36readRegister16Assume_SPI_transactionEj
                0x00000984       0x4a obj/../lib/ACAN2517FD/ACAN2517FD.cpp.o
                0x00000984                _ZN10ACAN2517FD36readRegister16Assume_SPI_transactionEj
 .text._ZN10ACAN2517FD35readRegister8Assume_SPI_transactionEj
                0x000009ce       0x44 obj/../lib/ACAN2517FD/ACAN2517FD.cpp.o
                0x000009ce                _ZN10ACAN2517FD35readRegister8Assume_SPI_transactionEj
 .text._ZN10ACAN2517FD21enterInTransmitBufferERK12CANFDMessage
                0x00000a12       0x42 obj/../lib/ACAN2517FD/ACAN2517FD.cpp.o
                0x00000a12                _ZN10ACAN2517FD21enterInTransmitBufferERK12CANFDMessage
 .text._ZN10ACAN2517FD10sendViaTXQERK12CANFDMessage
                0x00000a54      0x220 obj/../lib/ACAN2517FD/ACAN2517FD.cpp.o
                0x00000a54                _ZN10ACAN2517FD10sendViaTXQERK12CANFDMessage
 .text._ZN10ACAN2517FD9tryToSendERK12CANFDMessage
                0x00000c74       0x94 obj/../lib/ACAN2517FD/ACAN2517FD.cpp.o
                0x00000c74                _ZN10ACAN2517FD9tryToSendERK12CANFDMessage
 .text._ZN10ACAN2517FD16receiveInterruptEv
                0x00000d08      0x278 obj/../lib/ACAN2517FD/ACAN2517FD.cpp.o
                0x00000d08                _ZN10ACAN2517FD16receiveInterruptEv
 .text._ZN10ACAN2517FD13isr_poll_coreEv
                0x00000f80       0xb6 obj/../lib/ACAN2517FD/ACAN2517FD.cpp.o
                0x00000f80                _ZN10ACAN2517FD13isr_poll_coreEv
 .text._ZN10ACAN2517FD3isrEv
                0x00001036        0x4 obj/../lib/ACAN2517FD/ACAN2517FD.cpp.o
                0x00001036                _ZN10ACAN2517FD3isrEv
 .text._ZN10ACAN2517FD14writeRegister8Ejh
                0x0000103a       0x34 obj/../lib/ACAN2517FD/ACAN2517FD.cpp.o
                0x0000103a                _ZN10ACAN2517FD14writeRegister8Ejh
 .text._ZN10ACAN2517FD13readRegister8Ej
                0x0000106e       0x32 obj/../lib/ACAN2517FD/ACAN2517FD.cpp.o
                0x0000106e                _ZN10ACAN2517FD13readRegister8Ej
 .text._ZN10ACAN2517FD15writeRegister32Ejm
                0x000010a0       0x44 obj/../lib/ACAN2517FD/ACAN2517FD.cpp.o
                0x000010a0                _ZN10ACAN2517FD15writeRegister32Ejm
 .text._ZN10ACAN2517FD14readRegister32Ej
                0x000010e4       0x3e obj/../lib/ACAN2517FD/ACAN2517FD.cpp.o
                0x000010e4                _ZN10ACAN2517FD14readRegister32Ej
 .text._ZN10ACAN2517FD11reset2517FDEv
                0x00001122       0x2e obj/../lib/ACAN2517FD/ACAN2517FD.cpp.o
                0x00001122                _ZN10ACAN2517FD11reset2517FDEv
 .text._ZN10ACAN2517FD5beginERK18ACAN2517FDSettingsPFvvERK17ACAN2517FDFilters
                0x00001150      0x826 obj/../lib/ACAN2517FD/ACAN2517FD.cpp.o
                0x00001150                _ZN10ACAN2517FD5beginERK18ACAN2517FDSettingsPFvvERK17ACAN2517FDFilters
 .text._ZN10ACAN2517FD5beginERK18ACAN2517FDSettingsPFvvE
                0x00001976       0xc6 obj/../lib/ACAN2517FD/ACAN2517FD.cpp.o
                0x00001976                _ZN10ACAN2517FD5beginERK18ACAN2517FDSettingsPFvvE
 .text._ZN18ACAN2517FDSettingsC2ENS_10OscillatorEm17DataBitRateFactorm
                0x00001a3c      0x792 obj/../lib/ACAN2517FD/ACAN2517FDSettings.cpp.o
                0x00001a3c                _ZN18ACAN2517FDSettingsC2ENS_10OscillatorEm17DataBitRateFactorm
                0x00001a3c                _ZN18ACAN2517FDSettingsC1ENS_10OscillatorEm17DataBitRateFactorm
 .text._ZNK18ACAN2517FDSettings42dataBitRateIsAMultipleOfArbitrationBitRateEv
                0x000021ce       0x56 obj/../lib/ACAN2517FD/ACAN2517FDSettings.cpp.o
                0x000021ce                _ZNK18ACAN2517FDSettings42dataBitRateIsAMultipleOfArbitrationBitRateEv
 .text._ZNK18ACAN2517FDSettings24CANBitSettingConsistencyEv
                0x00002224      0x10a obj/../lib/ACAN2517FD/ACAN2517FDSettings.cpp.o
                0x00002224                _ZNK18ACAN2517FDSettings24CANBitSettingConsistencyEv
 .text._ZNK18ACAN2517FDSettings8ramUsageEv
                0x0000232e       0x64 obj/../lib/ACAN2517FD/ACAN2517FDSettings.cpp.o
                0x0000232e                _ZNK18ACAN2517FDSettings8ramUsageEv
 .text._ZN18ACAN2517FDSettings20objectSizeForPayloadENS_11PayloadSizeE
                0x00002392       0x12 obj/../lib/ACAN2517FD/ACAN2517FDSettings.cpp.o
                0x00002392                _ZN18ACAN2517FDSettings20objectSizeForPayloadENS_11PayloadSizeE
 .text._ZN8SPIClass5beginEv
                0x000023a4       0x6c obj/SPI.cpp.o
                0x000023a4                _ZN8SPIClass5beginEv
 .text._ZN8SPIClass14usingInterruptEh
                0x00002410       0x34 obj/SPI.cpp.o
                0x00002410                _ZN8SPIClass14usingInterruptEh
 .text.TimerISR
                0x00002444        0x6 obj/asw.c.o
                0x00002444                TimerISR
 .text.FuncTask1
                0x0000244a      0x12e obj/asw.c.o
                0x0000244a                FuncTask1
 .text._ZZ5beginvENUlvE_4_FUNEv
                0x00002578        0x8 obj/bsw.cpp.o
 .text.pad      0x00002580      0x10a obj/bsw.cpp.o
                0x00002580                pad
 .text._Z5beginv
                0x0000268a       0x7c obj/bsw.cpp.o
                0x0000268a                _Z5beginv
 .text.CAN_sendMsg
                0x00002706       0x98 obj/bsw.cpp.o
                0x00002706                CAN_sendMsg
 .text.printfSerial
                0x0000279e       0x52 obj/bsw.cpp.o
                0x0000279e                printfSerial
 .text.setup    0x000027f0       0x8a obj/bsw.cpp.o
                0x000027f0                setup
 .text.startup.main
                0x0000287a       0x28 obj/bsw.cpp.o
                0x0000287a                main
 .text.startup._GLOBAL__sub_I_CAN
                0x000028a2       0x10 obj/bsw.cpp.o
 .text.exit._GLOBAL__sub_D_CAN
                0x000028b2       0x22 obj/bsw.cpp.o
 .text.__vector_16
                0x000028d4       0x94 C:\Users\HONGKE~1\DOCUME~1\GitHub\L5D26D~1.CAN\02FA1B~1.FAU\CANFD_~2\erika\lib\libarduinosdk.a(wiring.c.o)
                0x000028d4                __vector_16
 .text.millis   0x00002968       0x18 C:\Users\HONGKE~1\DOCUME~1\GitHub\L5D26D~1.CAN\02FA1B~1.FAU\CANFD_~2\erika\lib\libarduinosdk.a(wiring.c.o)
                0x00002968                millis
 .text.init     0x00002980       0x76 C:\Users\HONGKE~1\DOCUME~1\GitHub\L5D26D~1.CAN\02FA1B~1.FAU\CANFD_~2\erika\lib\libarduinosdk.a(wiring.c.o)
                0x00002980                init
 .text.turnOffPWM
                0x000029f6       0x52 C:\Users\HONGKE~1\DOCUME~1\GitHub\L5D26D~1.CAN\02FA1B~1.FAU\CANFD_~2\erika\lib\libarduinosdk.a(wiring_digital.c.o)
 .text.pinMode  0x00002a48       0x78 C:\Users\HONGKE~1\DOCUME~1\GitHub\L5D26D~1.CAN\02FA1B~1.FAU\CANFD_~2\erika\lib\libarduinosdk.a(wiring_digital.c.o)
                0x00002a48                pinMode
 .text.digitalWrite
                0x00002ac0       0x5c C:\Users\HONGKE~1\DOCUME~1\GitHub\L5D26D~1.CAN\02FA1B~1.FAU\CANFD_~2\erika\lib\libarduinosdk.a(wiring_digital.c.o)
                0x00002ac0                digitalWrite
 .text.nothing  0x00002b1c        0x2 C:\Users\HONGKE~1\DOCUME~1\GitHub\L5D26D~1.CAN\02FA1B~1.FAU\CANFD_~2\erika\lib\libarduinosdk.a(WInterrupts.c.o)
 .text.attachInterrupt
                0x00002b1e       0x40 C:\Users\HONGKE~1\DOCUME~1\GitHub\L5D26D~1.CAN\02FA1B~1.FAU\CANFD_~2\erika\lib\libarduinosdk.a(WInterrupts.c.o)
                0x00002b1e                attachInterrupt
 .text.__vector_1
                0x00002b5e       0x4e C:\Users\HONGKE~1\DOCUME~1\GitHub\L5D26D~1.CAN\02FA1B~1.FAU\CANFD_~2\erika\lib\libarduinosdk.a(WInterrupts.c.o)
                0x00002b5e                __vector_1
 .text.__vector_2
                0x00002bac       0x4e C:\Users\HONGKE~1\DOCUME~1\GitHub\L5D26D~1.CAN\02FA1B~1.FAU\CANFD_~2\erika\lib\libarduinosdk.a(WInterrupts.c.o)
                0x00002bac                __vector_2
 .text._ZN14HardwareSerial9availableEv
                0x00002bfa       0x18 C:\Users\HONGKE~1\DOCUME~1\GitHub\L5D26D~1.CAN\02FA1B~1.FAU\CANFD_~2\erika\lib\libarduinosdk.a(HardwareSerial.cpp.o)
                0x00002bfa                _ZN14HardwareSerial9availableEv
 .text._ZN14HardwareSerial4peekEv
                0x00002c12       0x1c C:\Users\HONGKE~1\DOCUME~1\GitHub\L5D26D~1.CAN\02FA1B~1.FAU\CANFD_~2\erika\lib\libarduinosdk.a(HardwareSerial.cpp.o)
                0x00002c12                _ZN14HardwareSerial4peekEv
 .text._ZN14HardwareSerial4readEv
                0x00002c2e       0x28 C:\Users\HONGKE~1\DOCUME~1\GitHub\L5D26D~1.CAN\02FA1B~1.FAU\CANFD_~2\erika\lib\libarduinosdk.a(HardwareSerial.cpp.o)
                0x00002c2e                _ZN14HardwareSerial4readEv
 .text._ZN14HardwareSerial17availableForWriteEv
                0x00002c56       0x1e C:\Users\HONGKE~1\DOCUME~1\GitHub\L5D26D~1.CAN\02FA1B~1.FAU\CANFD_~2\erika\lib\libarduinosdk.a(HardwareSerial.cpp.o)
                0x00002c56                _ZN14HardwareSerial17availableForWriteEv
 .text._ZN14HardwareSerial17_tx_udr_empty_irqEv
                0x00002c74       0x44 C:\Users\HONGKE~1\DOCUME~1\GitHub\L5D26D~1.CAN\02FA1B~1.FAU\CANFD_~2\erika\lib\libarduinosdk.a(HardwareSerial.cpp.o)
                0x00002c74                _ZN14HardwareSerial17_tx_udr_empty_irqEv
 .text._ZN14HardwareSerial5flushEv
                0x00002cb8       0x40 C:\Users\HONGKE~1\DOCUME~1\GitHub\L5D26D~1.CAN\02FA1B~1.FAU\CANFD_~2\erika\lib\libarduinosdk.a(HardwareSerial.cpp.o)
                0x00002cb8                _ZN14HardwareSerial5flushEv
 .text._ZN14HardwareSerial5writeEh
                0x00002cf8       0x9a C:\Users\HONGKE~1\DOCUME~1\GitHub\L5D26D~1.CAN\02FA1B~1.FAU\CANFD_~2\erika\lib\libarduinosdk.a(HardwareSerial.cpp.o)
                0x00002cf8                _ZN14HardwareSerial5writeEh
 .text._ZN14HardwareSerial5beginEmh
                0x00002d92       0xc4 C:\Users\HONGKE~1\DOCUME~1\GitHub\L5D26D~1.CAN\02FA1B~1.FAU\CANFD_~2\erika\lib\libarduinosdk.a(HardwareSerial.cpp.o)
                0x00002d92                _ZN14HardwareSerial5beginEmh
 .text.__vector_18
                0x00002e56       0x64 C:\Users\HONGKE~1\DOCUME~1\GitHub\L5D26D~1.CAN\02FA1B~1.FAU\CANFD_~2\erika\lib\libarduinosdk.a(HardwareSerial0.cpp.o)
                0x00002e56                __vector_18
 .text.__vector_19
                0x00002eba       0x4c C:\Users\HONGKE~1\DOCUME~1\GitHub\L5D26D~1.CAN\02FA1B~1.FAU\CANFD_~2\erika\lib\libarduinosdk.a(HardwareSerial0.cpp.o)
                0x00002eba                __vector_19
 .text.startup._GLOBAL__sub_I___vector_18
                0x00002f06       0x5a C:\Users\HONGKE~1\DOCUME~1\GitHub\L5D26D~1.CAN\02FA1B~1.FAU\CANFD_~2\erika\lib\libarduinosdk.a(HardwareSerial0.cpp.o)
 .text._Znwj    0x00002f60        0x4 C:\Users\HONGKE~1\DOCUME~1\GitHub\L5D26D~1.CAN\02FA1B~1.FAU\CANFD_~2\erika\lib\libarduinosdk.a(new.cpp.o)
                0x00002f60                _Znwj
 .text._Znaj    0x00002f64        0x4 C:\Users\HONGKE~1\DOCUME~1\GitHub\L5D26D~1.CAN\02FA1B~1.FAU\CANFD_~2\erika\lib\libarduinosdk.a(new.cpp.o)
                0x00002f64                _Znaj
 .text._ZdlPv   0x00002f68        0x4 C:\Users\HONGKE~1\DOCUME~1\GitHub\L5D26D~1.CAN\02FA1B~1.FAU\CANFD_~2\erika\lib\libarduinosdk.a(new.cpp.o)
                0x00002f68                _ZdlPv
 .text._ZdaPv   0x00002f6c        0x4 C:\Users\HONGKE~1\DOCUME~1\GitHub\L5D26D~1.CAN\02FA1B~1.FAU\CANFD_~2\erika\lib\libarduinosdk.a(new.cpp.o)
                0x00002f6c                _ZdaPv
 .text._ZN5Print5writeEPKhj
                0x00002f70       0x5a C:\Users\HONGKE~1\DOCUME~1\GitHub\L5D26D~1.CAN\02FA1B~1.FAU\CANFD_~2\erika\lib\libarduinosdk.a(Print.cpp.o)
                0x00002f70                _ZN5Print5writeEPKhj
 .text._ZN5Print5writeEPKc.part.2
                0x00002fca       0x1e C:\Users\HONGKE~1\DOCUME~1\GitHub\L5D26D~1.CAN\02FA1B~1.FAU\CANFD_~2\erika\lib\libarduinosdk.a(Print.cpp.o)
 .text._ZN5Print5printEPKc
                0x00002fe8       0x10 C:\Users\HONGKE~1\DOCUME~1\GitHub\L5D26D~1.CAN\02FA1B~1.FAU\CANFD_~2\erika\lib\libarduinosdk.a(Print.cpp.o)
                0x00002fe8                _ZN5Print5printEPKc
 .text.OsEE_atmega_startTimer1
                0x00002ff8       0xbc C:\Users\HONGKE~1\DOCUME~1\GitHub\L5D26D~1.CAN\02FA1B~1.FAU\CANFD_~2\erika\lib\libee.a(ee_atmega_timer1ctc.c.o)
                0x00002ff8                OsEE_atmega_startTimer1
 .text.StartOS  0x000030b4      0x10e C:\Users\HONGKE~1\DOCUME~1\GitHub\L5D26D~1.CAN\02FA1B~1.FAU\CANFD_~2\erika\lib\libee.a(ee_oo_api_osek.c.o)
                0x000030b4                StartOS
 .text.TerminateTask
                0x000031c2       0x34 C:\Users\HONGKE~1\DOCUME~1\GitHub\L5D26D~1.CAN\02FA1B~1.FAU\CANFD_~2\erika\lib\libee.a(ee_oo_api_osek.c.o)
                0x000031c2                TerminateTask
 .text.IncrementCounter
                0x000031f6       0x5e C:\Users\HONGKE~1\DOCUME~1\GitHub\L5D26D~1.CAN\02FA1B~1.FAU\CANFD_~2\erika\lib\libee.a(ee_oo_api_osek.c.o)
                0x000031f6                IncrementCounter
 .text.osEE_scheduler_task_wrapper_restore
                0x00003254       0x12 C:\Users\HONGKE~1\DOCUME~1\GitHub\L5D26D~1.CAN\02FA1B~1.FAU\CANFD_~2\erika\lib\libee.a(ee_oo_sched_entry_points.c.o)
                0x00003254                osEE_scheduler_task_wrapper_restore
 .text.osEE_scheduler_task_wrapper_run
                0x00003266       0x98 C:\Users\HONGKE~1\DOCUME~1\GitHub\L5D26D~1.CAN\02FA1B~1.FAU\CANFD_~2\erika\lib\libee.a(ee_oo_sched_entry_points.c.o)
                0x00003266                osEE_scheduler_task_wrapper_run
 .text.osEE_idle_hook_wrapper
                0x000032fe       0x1c C:\Users\HONGKE~1\DOCUME~1\GitHub\L5D26D~1.CAN\02FA1B~1.FAU\CANFD_~2\erika\lib\libee.a(ee_oo_sched_entry_points.c.o)
                0x000032fe                osEE_idle_hook_wrapper
 .text.osEE_scheduler_core_rq_preempt_stk
                0x0000331a       0xae C:\Users\HONGKE~1\DOCUME~1\GitHub\L5D26D~1.CAN\02FA1B~1.FAU\CANFD_~2\erika\lib\libee.a(ee_oo_scheduler.c.o)
                0x0000331a                osEE_scheduler_core_rq_preempt_stk
 .text.osEE_sn_priority_insert
                0x000033c8       0x74 C:\Users\HONGKE~1\DOCUME~1\GitHub\L5D26D~1.CAN\02FA1B~1.FAU\CANFD_~2\erika\lib\libee.a(ee_oo_scheduler.c.o)
                0x000033c8                osEE_sn_priority_insert
 .text.osEE_scheduler_rq_insert
                0x0000343c        0xe C:\Users\HONGKE~1\DOCUME~1\GitHub\L5D26D~1.CAN\02FA1B~1.FAU\CANFD_~2\erika\lib\libee.a(ee_oo_scheduler.c.o)
                0x0000343c                osEE_scheduler_rq_insert
 .text.osEE_scheduler_core_pop_running
                0x0000344a       0x50 C:\Users\HONGKE~1\DOCUME~1\GitHub\L5D26D~1.CAN\02FA1B~1.FAU\CANFD_~2\erika\lib\libee.a(ee_oo_scheduler.c.o)
                0x0000344a                osEE_scheduler_core_pop_running
 .text.osEE_task_activated
                0x0000349a       0x24 C:\Users\HONGKE~1\DOCUME~1\GitHub\L5D26D~1.CAN\02FA1B~1.FAU\CANFD_~2\erika\lib\libee.a(ee_oo_kernel.c.o)
                0x0000349a                osEE_task_activated
 .text.osEE_task_end
                0x000034be       0x2a C:\Users\HONGKE~1\DOCUME~1\GitHub\L5D26D~1.CAN\02FA1B~1.FAU\CANFD_~2\erika\lib\libee.a(ee_oo_kernel.c.o)
                0x000034be                osEE_task_end
 .text.osEE_task_event_set_mask
                0x000034e8       0x3a C:\Users\HONGKE~1\DOCUME~1\GitHub\L5D26D~1.CAN\02FA1B~1.FAU\CANFD_~2\erika\lib\libee.a(ee_oo_kernel.c.o)
                0x000034e8                osEE_task_event_set_mask
 .text.osEE_activate_isr2
                0x00003522       0x30 C:\Users\HONGKE~1\DOCUME~1\GitHub\L5D26D~1.CAN\02FA1B~1.FAU\CANFD_~2\erika\lib\libee.a(ee_oo_kernel.c.o)
                0x00003522                osEE_activate_isr2
 .text.osEE_scheduler_task_insert
                0x00003552       0x4e C:\Users\HONGKE~1\DOCUME~1\GitHub\L5D26D~1.CAN\02FA1B~1.FAU\CANFD_~2\erika\lib\libee.a(ee_oo_sched_partitioned.c.o)
                0x00003552                osEE_scheduler_task_insert
 .text.osEE_scheduler_task_unblocked
                0x000035a0       0x60 C:\Users\HONGKE~1\DOCUME~1\GitHub\L5D26D~1.CAN\02FA1B~1.FAU\CANFD_~2\erika\lib\libee.a(ee_oo_sched_partitioned.c.o)
                0x000035a0                osEE_scheduler_task_unblocked
 .text.osEE_scheduler_task_terminated
                0x00003600       0xd8 C:\Users\HONGKE~1\DOCUME~1\GitHub\L5D26D~1.CAN\02FA1B~1.FAU\CANFD_~2\erika\lib\libee.a(ee_oo_sched_partitioned.c.o)
                0x00003600                osEE_scheduler_task_terminated
 .text.osEE_scheduler_task_preemption_point
                0x000036d8       0x36 C:\Users\HONGKE~1\DOCUME~1\GitHub\L5D26D~1.CAN\02FA1B~1.FAU\CANFD_~2\erika\lib\libee.a(ee_oo_sched_partitioned.c.o)
                0x000036d8                osEE_scheduler_task_preemption_point
 .text.osEE_scheduler_task_set_running
                0x0000370e       0x70 C:\Users\HONGKE~1\DOCUME~1\GitHub\L5D26D~1.CAN\02FA1B~1.FAU\CANFD_~2\erika\lib\libee.a(ee_oo_sched_partitioned.c.o)
                0x0000370e                osEE_scheduler_task_set_running
 .text.osEE_counter_insert_abs_trigger
                0x0000377e       0xa6 C:\Users\HONGKE~1\DOCUME~1\GitHub\L5D26D~1.CAN\02FA1B~1.FAU\CANFD_~2\erika\lib\libee.a(ee_oo_counter.c.o)
                0x0000377e                osEE_counter_insert_abs_trigger
 .text.osEE_counter_insert_rel_trigger
                0x00003824       0x40 C:\Users\HONGKE~1\DOCUME~1\GitHub\L5D26D~1.CAN\02FA1B~1.FAU\CANFD_~2\erika\lib\libee.a(ee_oo_counter.c.o)
                0x00003824                osEE_counter_insert_rel_trigger
 .text.osEE_counter_increment
                0x00003864      0x18c C:\Users\HONGKE~1\DOCUME~1\GitHub\L5D26D~1.CAN\02FA1B~1.FAU\CANFD_~2\erika\lib\libee.a(ee_oo_counter.c.o)
                0x00003864                osEE_counter_increment
 .text.osEE_alarm_set_rel
                0x000039f0       0x74 C:\Users\HONGKE~1\DOCUME~1\GitHub\L5D26D~1.CAN\02FA1B~1.FAU\CANFD_~2\erika\lib\libee.a(ee_oo_alarm.c.o)
                0x000039f0                osEE_alarm_set_rel
 .text.osEE_change_context_from_running
                0x00003a64       0x28 C:\Users\HONGKE~1\DOCUME~1\GitHub\L5D26D~1.CAN\02FA1B~1.FAU\CANFD_~2\erika\lib\libee.a(ee_std_change_context.c.o)
                0x00003a64                osEE_change_context_from_running
 .text.osEE_change_context_from_task_end
                0x00003a8c       0x24 C:\Users\HONGKE~1\DOCUME~1\GitHub\L5D26D~1.CAN\02FA1B~1.FAU\CANFD_~2\erika\lib\libee.a(ee_std_change_context.c.o)
                0x00003a8c                osEE_change_context_from_task_end
 .text.osEE_idle_task_terminate
                0x00003ab0       0x36 C:\Users\HONGKE~1\DOCUME~1\GitHub\L5D26D~1.CAN\02FA1B~1.FAU\CANFD_~2\erika\lib\libee.a(ee_std_change_context.c.o)
                0x00003ab0                osEE_idle_task_terminate
 .text.osEE_scheduler_task_end
                0x00003ae6       0x2c C:\Users\HONGKE~1\DOCUME~1\GitHub\L5D26D~1.CAN\02FA1B~1.FAU\CANFD_~2\erika\lib\libee.a(ee_std_change_context.c.o)
                0x00003ae6                osEE_scheduler_task_end
 .text.__vector_default
                0x00003b12        0x4 C:\Users\HONGKE~1\DOCUME~1\GitHub\L5D26D~1.CAN\02FA1B~1.FAU\CANFD_~2\erika\lib\libee.a(ee_atmega_intvect.c.o)
                0x00003b12                tag___vector_default
                0x00003b12                __vector_default
 .text.osEE_atmega_intvect
                0x00003b16        0x4 C:\Users\HONGKE~1\DOCUME~1\GitHub\L5D26D~1.CAN\02FA1B~1.FAU\CANFD_~2\erika\lib\libee.a(ee_atmega_intvect.c.o)
                0x00003b16                osEE_atmega_intvect
 .text.__vector_11
                0x00003b1a       0x10 C:\Users\HONGKE~1\DOCUME~1\GitHub\L5D26D~1.CAN\02FA1B~1.FAU\CANFD_~2\erika\lib\libee.a(ee_atmega_intvect.c.o)
                0x00003b1a                tag___vector_11
                0x00003b1a                __vector_11
 .text.osEE_avr8_isr2_stub
                0x00003b2a       0x40 C:\Users\HONGKE~1\DOCUME~1\GitHub\L5D26D~1.CAN\02FA1B~1.FAU\CANFD_~2\erika\lib\libee.a(ee_avr8_irqstub.c.o)
                0x00003b2a                osEE_avr8_isr2_stub
 .text.libgcc.mul
                0x00003b6a       0x20 c:/arduino/hardware/tools/avr/bin/../lib/gcc/avr/7.3.0/avr5\libgcc.a(_mulsi3.o)
                0x00003b6a                __mulsi3
 .text.libgcc.div
                0x00003b8a       0x44 c:/arduino/hardware/tools/avr/bin/../lib/gcc/avr/7.3.0/avr5\libgcc.a(_udivmodsi4.o)
                0x00003b8a                __udivmodsi4
 .text.libgcc.mul
                0x00003bce       0x1e c:/arduino/hardware/tools/avr/bin/../lib/gcc/avr/7.3.0/avr5\libgcc.a(_umulhisi3.o)
                0x00003bce                __umulhisi3
 .text.libgcc.mul
                0x00003bec        0xe c:/arduino/hardware/tools/avr/bin/../lib/gcc/avr/7.3.0/avr5\libgcc.a(_usmulhisi3.o)
                0x00003bec                __usmulhisi3
                0x00003bf0                __usmulhisi3_tail
 .text.libgcc.mul
                0x00003bfa       0x16 c:/arduino/hardware/tools/avr/bin/../lib/gcc/avr/7.3.0/avr5\libgcc.a(_muluhisi3.o)
                0x00003bfa                __muluhisi3
 .text.libgcc.mul
                0x00003c10       0x9e c:/arduino/hardware/tools/avr/bin/../lib/gcc/avr/7.3.0/avr5\libgcc.a(_muldi3.o)
                0x00003c10                __muldi3
 .text.libgcc.mul
                0x00003cae       0x12 c:/arduino/hardware/tools/avr/bin/../lib/gcc/avr/7.3.0/avr5\libgcc.a(_muldi3_6.o)
                0x00003cae                __muldi3_6
 .text.libgcc.mul
                0x00003cc0       0x56 c:/arduino/hardware/tools/avr/bin/../lib/gcc/avr/7.3.0/avr5\libgcc.a(_umulsidi3.o)
                0x00003cc0                __umulsidi3
                0x00003cc2                __umulsidi3_helper
 .text.libgcc.prologue
                0x00003d16       0x38 c:/arduino/hardware/tools/avr/bin/../lib/gcc/avr/7.3.0/avr5\libgcc.a(_prologue.o)
                0x00003d16                __prologue_saves__
 .text.libgcc.prologue
                0x00003d4e       0x36 c:/arduino/hardware/tools/avr/bin/../lib/gcc/avr/7.3.0/avr5\libgcc.a(_epilogue.o)
                0x00003d4e                __epilogue_restores__
 .text.libgcc   0x00003d84       0x12 c:/arduino/hardware/tools/avr/bin/../lib/gcc/avr/7.3.0/avr5\libgcc.a(_cmpdi2.o)
                0x00003d84                __cmpdi2
 .text.libgcc   0x00003d96        0xc c:/arduino/hardware/tools/avr/bin/../lib/gcc/avr/7.3.0/avr5\libgcc.a(_tablejump2.o)
                0x00003d96                __tablejump2__
 .text.avr-libc
                0x00003da2      0x24a c:/arduino/hardware/tools/avr/bin/../lib/gcc/avr/7.3.0/../../../../avr/lib/avr5\libc.a(malloc.o)
                0x00003da2                malloc
                0x00003eda                free
 .text.avr-libc
                0x00003fec       0x12 c:/arduino/hardware/tools/avr/bin/../lib/gcc/avr/7.3.0/../../../../avr/lib/avr5\libc.a(memcpy.o)
                0x00003fec                memcpy
 .text.avr-libc
                0x00003ffe       0x58 c:/arduino/hardware/tools/avr/bin/../lib/gcc/avr/7.3.0/../../../../avr/lib/avr5\libc.a(vsnprintf.o)
                0x00003ffe                vsnprintf
 .text.avr-libc
                0x00004056      0x3b4 c:/arduino/hardware/tools/avr/bin/../lib/gcc/avr/7.3.0/../../../../avr/lib/avr5\libc.a(vfprintf_std.o)
                0x00004056                vfprintf
 .text.avr-libc
                0x0000440a       0x16 c:/arduino/hardware/tools/avr/bin/../lib/gcc/avr/7.3.0/../../../../avr/lib/avr5\libc.a(strnlen_P.o)
                0x0000440a                strnlen_P
 .text.avr-libc
                0x00004420       0x16 c:/arduino/hardware/tools/avr/bin/../lib/gcc/avr/7.3.0/../../../../avr/lib/avr5\libc.a(strnlen.o)
                0x00004420                strnlen
 .text.avr-libc
                0x00004436       0x60 c:/arduino/hardware/tools/avr/bin/../lib/gcc/avr/7.3.0/../../../../avr/lib/avr5\libc.a(fputc.o)
                0x00004436                fputc
 .text.avr-libc
                0x00004496       0xbc c:/arduino/hardware/tools/avr/bin/../lib/gcc/avr/7.3.0/../../../../avr/lib/avr5\libc.a(ultoa_invert.o)
                0x00004496                __ultoa_invert
                0x00004552                . = ALIGN (0x2)
 *(.fini9)
 .fini9         0x00004552        0x0 c:/arduino/hardware/tools/avr/bin/../lib/gcc/avr/7.3.0/avr5\libgcc.a(_exit.o)
                0x00004552                _exit
                0x00004552                exit
 *(.fini9)
 *(.fini8)
 *(.fini8)
 *(.fini7)
 *(.fini7)
 *(.fini6)
 .fini6         0x00004552       0x16 c:/arduino/hardware/tools/avr/bin/../lib/gcc/avr/7.3.0/avr5\libgcc.a(_dtors.o)
                0x00004552                __do_global_dtors
 *(.fini6)
 *(.fini5)
 *(.fini5)
 *(.fini4)
 *(.fini4)
 *(.fini3)
 *(.fini3)
 *(.fini2)
 *(.fini2)
 *(.fini1)
 *(.fini1)
 *(.fini0)
 .fini0         0x00004568        0x4 c:/arduino/hardware/tools/avr/bin/../lib/gcc/avr/7.3.0/avr5\libgcc.a(_exit.o)
 *(.fini0)
                0x0000456c                _etext = .

.data           0x00800100      0x1cc load address 0x0000456c
                0x00800100                PROVIDE (__data_start, .)
 *(.data)
 .data          0x00800100        0x6 c:/arduino/hardware/tools/avr/bin/../lib/gcc/avr/7.3.0/../../../../avr/lib/avr5\libc.a(malloc.o)
                0x00800100                __malloc_heap_end
                0x00800102                __malloc_heap_start
                0x00800104                __malloc_margin
 *(.data*)
 .data.osEE_ccb_var
                0x00800106       0x12 obj/ee_applcfg.c.o
                0x00800106                osEE_ccb_var
 .data.osEE_sn_array
                0x00800118        0x8 obj/ee_applcfg.c.o
 .data.osEE_tcb_array
                0x00800120       0x24 obj/ee_applcfg.c.o
 .data.intFunc  0x00800144        0x4 C:\Users\HONGKE~1\DOCUME~1\GitHub\L5D26D~1.CAN\02FA1B~1.FAU\CANFD_~2\erika\lib\libarduinosdk.a(WInterrupts.c.o)
 *(.gnu.linkonce.d*)
 *(.rodata)
 .rodata        0x00800148       0x1a obj/asw.c.o
 *(.rodata*)
 .rodata.CSWTCH.138
                0x00800162        0x7 obj/../lib/ACAN2517FD/ACAN2517FD.cpp.o
 .rodata.CSWTCH.137
                0x00800169        0x7 obj/../lib/ACAN2517FD/ACAN2517FD.cpp.o
 .rodata._ZZN10ACAN2517FD16receiveInterruptEvE7kLength
                0x00800170       0x10 obj/../lib/ACAN2517FD/ACAN2517FD.cpp.o
 .rodata.CSWTCH.7
                0x00800180       0x20 obj/../lib/ACAN2517FD/ACAN2517FDSettings.cpp.o
 .rodata._ZZN18ACAN2517FDSettings20objectSizeForPayloadENS_11PayloadSizeEE8kPayload
                0x008001a0        0x8 obj/../lib/ACAN2517FD/ACAN2517FDSettings.cpp.o
 .rodata.FuncTask1.str1.1
                0x008001a8       0x79 obj/asw.c.o
                                 0x7b (size before relaxing)
 .rodata.setup.str1.1
                0x00800221       0x24 obj/bsw.cpp.o
                                 0x28 (size before relaxing)
 .rodata.osEE_kdb_var
                0x00800245       0x12 obj/ee_applcfg.c.o
                0x00800245                osEE_kdb_var
 .rodata.osEE_cdb_var
                0x00800257        0x8 obj/ee_applcfg.c.o
                0x00800257                osEE_cdb_var
 .rodata.osEE_autostart_trigger_db
                0x0080025f        0x4 obj/ee_applcfg.c.o
 .rodata.osEE_trigger_autostart_info_OSDEFAULTAPPMODE
                0x00800263        0x6 obj/ee_applcfg.c.o
 .rodata.osEE_alarm_db_ptr_array
                0x00800269        0x2 obj/ee_applcfg.c.o
 .rodata.osEE_alarm_db_array
                0x0080026b        0xe obj/ee_applcfg.c.o
 .rodata.osEE_counter_db_ptr_array
                0x00800279        0x2 obj/ee_applcfg.c.o
 .rodata.osEE_counter_db_array
                0x0080027b        0x6 obj/ee_applcfg.c.o
 .rodata.osEE_res_db_ptr_array
                0x00800281        0x2 obj/ee_applcfg.c.o
 .rodata.osEE_res_db_array
                0x00800283        0x3 obj/ee_applcfg.c.o
 .rodata.osEE_tdb_ptr_array
                0x00800286        0x6 obj/ee_applcfg.c.o
 .rodata.osEE_tdb_array
                0x0080028c       0x2a obj/ee_applcfg.c.o
 .rodata.osEE_sdb_array
                0x008002b6        0x4 obj/ee_applcfg.c.o
 .rodata._ZTV14HardwareSerial
                0x008002ba       0x12 C:\Users\HONGKE~1\DOCUME~1\GitHub\L5D26D~1.CAN\02FA1B~1.FAU\CANFD_~2\erika\lib\libarduinosdk.a(HardwareSerial.cpp.o)
                0x008002ba                _ZTV14HardwareSerial
 *(.gnu.linkonce.r*)
                0x008002cc                . = ALIGN (0x2)
                0x008002cc                _edata = .
                0x008002cc                PROVIDE (__data_end, .)

.bss            0x008002cc       0xfb
                0x008002cc                PROVIDE (__bss_start, .)
 *(.bss)
 *(.bss*)
 .bss._ZN8SPIClass13interruptSaveE
                0x008002cc        0x1 obj/SPI.cpp.o
                0x008002cc                _ZN8SPIClass13interruptSaveE
 .bss._ZN8SPIClass13interruptMaskE
                0x008002cd        0x1 obj/SPI.cpp.o
                0x008002cd                _ZN8SPIClass13interruptMaskE
 .bss._ZN8SPIClass13interruptModeE
                0x008002ce        0x1 obj/SPI.cpp.o
                0x008002ce                _ZN8SPIClass13interruptModeE
 .bss._ZN8SPIClass11initializedE
                0x008002cf        0x1 obj/SPI.cpp.o
                0x008002cf                _ZN8SPIClass11initializedE
 .bss.SPI       0x008002d0        0x1 obj/SPI.cpp.o
                0x008002d0                SPI
 .bss.CAN       0x008002d1       0x38 obj/bsw.cpp.o
                0x008002d1                CAN
 .bss.osEE_alarm_cb_array
                0x00800309        0x8 obj/ee_applcfg.c.o
 .bss.osEE_counter_cb_array
                0x00800311        0x4 obj/ee_applcfg.c.o
 .bss.osEE_res_cb_array
                0x00800315        0x5 obj/ee_applcfg.c.o
 .bss.osEE_scb_array
                0x0080031a        0x2 obj/ee_applcfg.c.o
 .bss.timer0_fract
                0x0080031c        0x1 C:\Users\HONGKE~1\DOCUME~1\GitHub\L5D26D~1.CAN\02FA1B~1.FAU\CANFD_~2\erika\lib\libarduinosdk.a(wiring.c.o)
 .bss.timer0_millis
                0x0080031d        0x4 C:\Users\HONGKE~1\DOCUME~1\GitHub\L5D26D~1.CAN\02FA1B~1.FAU\CANFD_~2\erika\lib\libarduinosdk.a(wiring.c.o)
                0x0080031d                timer0_millis
 .bss.timer0_overflow_count
                0x00800321        0x4 C:\Users\HONGKE~1\DOCUME~1\GitHub\L5D26D~1.CAN\02FA1B~1.FAU\CANFD_~2\erika\lib\libarduinosdk.a(wiring.c.o)
                0x00800321                timer0_overflow_count
 .bss.Serial    0x00800325       0x9d C:\Users\HONGKE~1\DOCUME~1\GitHub\L5D26D~1.CAN\02FA1B~1.FAU\CANFD_~2\erika\lib\libarduinosdk.a(HardwareSerial0.cpp.o)
                0x00800325                Serial
 *(COMMON)
 COMMON         0x008003c2        0x1 obj/ee_applcfg.c.o
                0x008003c2                osEE_kcb_var
 COMMON         0x008003c3        0x4 c:/arduino/hardware/tools/avr/bin/../lib/gcc/avr/7.3.0/../../../../avr/lib/avr5\libc.a(malloc.o)
                0x008003c3                __brkval
                0x008003c5                __flp
                0x008003c7                PROVIDE (__bss_end, .)
                0x0000456c                __data_load_start = LOADADDR (.data)
                0x00004738                __data_load_end = (__data_load_start + SIZEOF (.data))

.noinit         0x008003c7        0x0
                [!provide]                PROVIDE (__noinit_start, .)
 *(.noinit*)
                [!provide]                PROVIDE (__noinit_end, .)
                0x008003c7                _end = .
                0x008003c7                PROVIDE (__heap_start, .)

.eeprom         0x00810000        0x0
 *(.eeprom*)
                0x00810000                __eeprom_end = .

.fuse
 *(.fuse)
 *(.lfuse)
 *(.hfuse)
 *(.efuse)

.lock
 *(.lock*)

.signature
 *(.signature*)

.user_signatures
 *(.user_signatures*)

.stab
 *(.stab)

.stabstr
 *(.stabstr)

.stab.excl
 *(.stab.excl)

.stab.exclstr
 *(.stab.exclstr)

.stab.index
 *(.stab.index)

.stab.indexstr
 *(.stab.indexstr)

.comment        0x00000000       0x11
 *(.comment)
 .comment       0x00000000       0x11 obj/../lib/ACAN2517FD/ACAN2517FD.cpp.o
                                 0x12 (size before relaxing)
 .comment       0x00000011       0x12 obj/../lib/ACAN2517FD/ACAN2517FDSettings.cpp.o
 .comment       0x00000011       0x12 obj/SPI.cpp.o
 .comment       0x00000011       0x12 obj/asw.c.o
 .comment       0x00000011       0x12 obj/bsw.cpp.o
 .comment       0x00000011       0x12 obj/ee_applcfg.c.o
 .comment       0x00000011       0x12 C:\Users\HONGKE~1\DOCUME~1\GitHub\L5D26D~1.CAN\02FA1B~1.FAU\CANFD_~2\erika\lib\libarduinosdk.a(wiring.c.o)
 .comment       0x00000011       0x12 C:\Users\HONGKE~1\DOCUME~1\GitHub\L5D26D~1.CAN\02FA1B~1.FAU\CANFD_~2\erika\lib\libarduinosdk.a(wiring_digital.c.o)
 .comment       0x00000011       0x12 C:\Users\HONGKE~1\DOCUME~1\GitHub\L5D26D~1.CAN\02FA1B~1.FAU\CANFD_~2\erika\lib\libarduinosdk.a(WInterrupts.c.o)
 .comment       0x00000011       0x12 C:\Users\HONGKE~1\DOCUME~1\GitHub\L5D26D~1.CAN\02FA1B~1.FAU\CANFD_~2\erika\lib\libarduinosdk.a(HardwareSerial.cpp.o)
 .comment       0x00000011       0x12 C:\Users\HONGKE~1\DOCUME~1\GitHub\L5D26D~1.CAN\02FA1B~1.FAU\CANFD_~2\erika\lib\libarduinosdk.a(HardwareSerial0.cpp.o)
 .comment       0x00000011       0x12 C:\Users\HONGKE~1\DOCUME~1\GitHub\L5D26D~1.CAN\02FA1B~1.FAU\CANFD_~2\erika\lib\libarduinosdk.a(new.cpp.o)
 .comment       0x00000011       0x12 C:\Users\HONGKE~1\DOCUME~1\GitHub\L5D26D~1.CAN\02FA1B~1.FAU\CANFD_~2\erika\lib\libarduinosdk.a(Print.cpp.o)
 .comment       0x00000011       0x12 C:\Users\HONGKE~1\DOCUME~1\GitHub\L5D26D~1.CAN\02FA1B~1.FAU\CANFD_~2\erika\lib\libee.a(ee_atmega_timer1ctc.c.o)
 .comment       0x00000011       0x12 C:\Users\HONGKE~1\DOCUME~1\GitHub\L5D26D~1.CAN\02FA1B~1.FAU\CANFD_~2\erika\lib\libee.a(ee_oo_api_osek.c.o)
 .comment       0x00000011       0x12 C:\Users\HONGKE~1\DOCUME~1\GitHub\L5D26D~1.CAN\02FA1B~1.FAU\CANFD_~2\erika\lib\libee.a(ee_oo_sched_entry_points.c.o)
 .comment       0x00000011       0x12 C:\Users\HONGKE~1\DOCUME~1\GitHub\L5D26D~1.CAN\02FA1B~1.FAU\CANFD_~2\erika\lib\libee.a(ee_oo_scheduler.c.o)
 .comment       0x00000011       0x12 C:\Users\HONGKE~1\DOCUME~1\GitHub\L5D26D~1.CAN\02FA1B~1.FAU\CANFD_~2\erika\lib\libee.a(ee_oo_kernel.c.o)
 .comment       0x00000011       0x12 C:\Users\HONGKE~1\DOCUME~1\GitHub\L5D26D~1.CAN\02FA1B~1.FAU\CANFD_~2\erika\lib\libee.a(ee_oo_sched_partitioned.c.o)
 .comment       0x00000011       0x12 C:\Users\HONGKE~1\DOCUME~1\GitHub\L5D26D~1.CAN\02FA1B~1.FAU\CANFD_~2\erika\lib\libee.a(ee_oo_counter.c.o)
 .comment       0x00000011       0x12 C:\Users\HONGKE~1\DOCUME~1\GitHub\L5D26D~1.CAN\02FA1B~1.FAU\CANFD_~2\erika\lib\libee.a(ee_oo_alarm.c.o)
 .comment       0x00000011       0x12 C:\Users\HONGKE~1\DOCUME~1\GitHub\L5D26D~1.CAN\02FA1B~1.FAU\CANFD_~2\erika\lib\libee.a(ee_std_change_context.c.o)
 .comment       0x00000011       0x12 C:\Users\HONGKE~1\DOCUME~1\GitHub\L5D26D~1.CAN\02FA1B~1.FAU\CANFD_~2\erika\lib\libee.a(ee_atmega_intvect.c.o)
 .comment       0x00000011       0x12 C:\Users\HONGKE~1\DOCUME~1\GitHub\L5D26D~1.CAN\02FA1B~1.FAU\CANFD_~2\erika\lib\libee.a(ee_avr8_irqstub.c.o)
 .comment       0x00000011       0x12 c:/arduino/hardware/tools/avr/bin/../lib/gcc/avr/7.3.0/../../../../avr/lib/avr5\libc.a(malloc.o)
 .comment       0x00000011       0x12 c:/arduino/hardware/tools/avr/bin/../lib/gcc/avr/7.3.0/../../../../avr/lib/avr5\libc.a(vsnprintf.o)
 .comment       0x00000011       0x12 c:/arduino/hardware/tools/avr/bin/../lib/gcc/avr/7.3.0/../../../../avr/lib/avr5\libc.a(vfprintf_std.o)
 .comment       0x00000011       0x12 c:/arduino/hardware/tools/avr/bin/../lib/gcc/avr/7.3.0/../../../../avr/lib/avr5\libc.a(fputc.o)

.note.gnu.avr.deviceinfo
                0x00000000       0x40
 .note.gnu.avr.deviceinfo
                0x00000000       0x40 c:/arduino/hardware/tools/avr/bin/../lib/gcc/avr/7.3.0/../../../../avr/lib/avr5/crtatmega328p.o

.note.gnu.build-id
 *(.note.gnu.build-id)

.debug
 *(.debug)

.line
 *(.line)

.debug_srcinfo
 *(.debug_srcinfo)

.debug_sfnames
 *(.debug_sfnames)

.debug_aranges  0x00000000      0x220
 *(.debug_aranges)
 .debug_aranges
                0x00000000       0x20 c:/arduino/hardware/tools/avr/bin/../lib/gcc/avr/7.3.0/avr5\libgcc.a(_mulsi3.o)
 .debug_aranges
                0x00000020       0x20 c:/arduino/hardware/tools/avr/bin/../lib/gcc/avr/7.3.0/avr5\libgcc.a(_udivmodsi4.o)
 .debug_aranges
                0x00000040       0x20 c:/arduino/hardware/tools/avr/bin/../lib/gcc/avr/7.3.0/avr5\libgcc.a(_exit.o)
 .debug_aranges
                0x00000060       0x20 c:/arduino/hardware/tools/avr/bin/../lib/gcc/avr/7.3.0/avr5\libgcc.a(_copy_data.o)
 .debug_aranges
                0x00000080       0x20 c:/arduino/hardware/tools/avr/bin/../lib/gcc/avr/7.3.0/avr5\libgcc.a(_clear_bss.o)
 .debug_aranges
                0x000000a0       0x20 c:/arduino/hardware/tools/avr/bin/../lib/gcc/avr/7.3.0/avr5\libgcc.a(_ctors.o)
 .debug_aranges
                0x000000c0       0x20 c:/arduino/hardware/tools/avr/bin/../lib/gcc/avr/7.3.0/avr5\libgcc.a(_dtors.o)
 .debug_aranges
                0x000000e0       0x20 c:/arduino/hardware/tools/avr/bin/../lib/gcc/avr/7.3.0/avr5\libgcc.a(_umulhisi3.o)
 .debug_aranges
                0x00000100       0x20 c:/arduino/hardware/tools/avr/bin/../lib/gcc/avr/7.3.0/avr5\libgcc.a(_usmulhisi3.o)
 .debug_aranges
                0x00000120       0x20 c:/arduino/hardware/tools/avr/bin/../lib/gcc/avr/7.3.0/avr5\libgcc.a(_muluhisi3.o)
 .debug_aranges
                0x00000140       0x20 c:/arduino/hardware/tools/avr/bin/../lib/gcc/avr/7.3.0/avr5\libgcc.a(_muldi3.o)
 .debug_aranges
                0x00000160       0x20 c:/arduino/hardware/tools/avr/bin/../lib/gcc/avr/7.3.0/avr5\libgcc.a(_muldi3_6.o)
 .debug_aranges
                0x00000180       0x20 c:/arduino/hardware/tools/avr/bin/../lib/gcc/avr/7.3.0/avr5\libgcc.a(_umulsidi3.o)
 .debug_aranges
                0x000001a0       0x20 c:/arduino/hardware/tools/avr/bin/../lib/gcc/avr/7.3.0/avr5\libgcc.a(_prologue.o)
 .debug_aranges
                0x000001c0       0x20 c:/arduino/hardware/tools/avr/bin/../lib/gcc/avr/7.3.0/avr5\libgcc.a(_epilogue.o)
 .debug_aranges
                0x000001e0       0x20 c:/arduino/hardware/tools/avr/bin/../lib/gcc/avr/7.3.0/avr5\libgcc.a(_cmpdi2.o)
 .debug_aranges
                0x00000200       0x20 c:/arduino/hardware/tools/avr/bin/../lib/gcc/avr/7.3.0/avr5\libgcc.a(_tablejump2.o)

.debug_pubnames
 *(.debug_pubnames)

.debug_info     0x00000000     0x125f
 *(.debug_info .gnu.linkonce.wi.*)
 .debug_info    0x00000000      0x5f4 c:/arduino/hardware/tools/avr/bin/../lib/gcc/avr/7.3.0/../../../../avr/lib/avr5/crtatmega328p.o
 .debug_info    0x000005f4       0xbb c:/arduino/hardware/tools/avr/bin/../lib/gcc/avr/7.3.0/avr5\libgcc.a(_mulsi3.o)
 .debug_info    0x000006af       0xbb c:/arduino/hardware/tools/avr/bin/../lib/gcc/avr/7.3.0/avr5\libgcc.a(_udivmodsi4.o)
 .debug_info    0x0000076a       0xbb c:/arduino/hardware/tools/avr/bin/../lib/gcc/avr/7.3.0/avr5\libgcc.a(_exit.o)
 .debug_info    0x00000825       0xbb c:/arduino/hardware/tools/avr/bin/../lib/gcc/avr/7.3.0/avr5\libgcc.a(_copy_data.o)
 .debug_info    0x000008e0       0xbb c:/arduino/hardware/tools/avr/bin/../lib/gcc/avr/7.3.0/avr5\libgcc.a(_clear_bss.o)
 .debug_info    0x0000099b       0xbb c:/arduino/hardware/tools/avr/bin/../lib/gcc/avr/7.3.0/avr5\libgcc.a(_ctors.o)
 .debug_info    0x00000a56       0xbb c:/arduino/hardware/tools/avr/bin/../lib/gcc/avr/7.3.0/avr5\libgcc.a(_dtors.o)
 .debug_info    0x00000b11       0xbb c:/arduino/hardware/tools/avr/bin/../lib/gcc/avr/7.3.0/avr5\libgcc.a(_umulhisi3.o)
 .debug_info    0x00000bcc       0xbb c:/arduino/hardware/tools/avr/bin/../lib/gcc/avr/7.3.0/avr5\libgcc.a(_usmulhisi3.o)
 .debug_info    0x00000c87       0xbb c:/arduino/hardware/tools/avr/bin/../lib/gcc/avr/7.3.0/avr5\libgcc.a(_muluhisi3.o)
 .debug_info    0x00000d42       0xbb c:/arduino/hardware/tools/avr/bin/../lib/gcc/avr/7.3.0/avr5\libgcc.a(_muldi3.o)
 .debug_info    0x00000dfd       0xbb c:/arduino/hardware/tools/avr/bin/../lib/gcc/avr/7.3.0/avr5\libgcc.a(_muldi3_6.o)
 .debug_info    0x00000eb8       0xbb c:/arduino/hardware/tools/avr/bin/../lib/gcc/avr/7.3.0/avr5\libgcc.a(_umulsidi3.o)
 .debug_info    0x00000f73       0xbb c:/arduino/hardware/tools/avr/bin/../lib/gcc/avr/7.3.0/avr5\libgcc.a(_prologue.o)
 .debug_info    0x0000102e       0xbb c:/arduino/hardware/tools/avr/bin/../lib/gcc/avr/7.3.0/avr5\libgcc.a(_epilogue.o)
 .debug_info    0x000010e9       0xbb c:/arduino/hardware/tools/avr/bin/../lib/gcc/avr/7.3.0/avr5\libgcc.a(_cmpdi2.o)
 .debug_info    0x000011a4       0xbb c:/arduino/hardware/tools/avr/bin/../lib/gcc/avr/7.3.0/avr5\libgcc.a(_tablejump2.o)

.debug_abbrev   0x00000000      0x6f6
 *(.debug_abbrev)
 .debug_abbrev  0x00000000      0x5a2 c:/arduino/hardware/tools/avr/bin/../lib/gcc/avr/7.3.0/../../../../avr/lib/avr5/crtatmega328p.o
 .debug_abbrev  0x000005a2       0x14 c:/arduino/hardware/tools/avr/bin/../lib/gcc/avr/7.3.0/avr5\libgcc.a(_mulsi3.o)
 .debug_abbrev  0x000005b6       0x14 c:/arduino/hardware/tools/avr/bin/../lib/gcc/avr/7.3.0/avr5\libgcc.a(_udivmodsi4.o)
 .debug_abbrev  0x000005ca       0x14 c:/arduino/hardware/tools/avr/bin/../lib/gcc/avr/7.3.0/avr5\libgcc.a(_exit.o)
 .debug_abbrev  0x000005de       0x14 c:/arduino/hardware/tools/avr/bin/../lib/gcc/avr/7.3.0/avr5\libgcc.a(_copy_data.o)
 .debug_abbrev  0x000005f2       0x14 c:/arduino/hardware/tools/avr/bin/../lib/gcc/avr/7.3.0/avr5\libgcc.a(_clear_bss.o)
 .debug_abbrev  0x00000606       0x14 c:/arduino/hardware/tools/avr/bin/../lib/gcc/avr/7.3.0/avr5\libgcc.a(_ctors.o)
 .debug_abbrev  0x0000061a       0x14 c:/arduino/hardware/tools/avr/bin/../lib/gcc/avr/7.3.0/avr5\libgcc.a(_dtors.o)
 .debug_abbrev  0x0000062e       0x14 c:/arduino/hardware/tools/avr/bin/../lib/gcc/avr/7.3.0/avr5\libgcc.a(_umulhisi3.o)
 .debug_abbrev  0x00000642       0x14 c:/arduino/hardware/tools/avr/bin/../lib/gcc/avr/7.3.0/avr5\libgcc.a(_usmulhisi3.o)
 .debug_abbrev  0x00000656       0x14 c:/arduino/hardware/tools/avr/bin/../lib/gcc/avr/7.3.0/avr5\libgcc.a(_muluhisi3.o)
 .debug_abbrev  0x0000066a       0x14 c:/arduino/hardware/tools/avr/bin/../lib/gcc/avr/7.3.0/avr5\libgcc.a(_muldi3.o)
 .debug_abbrev  0x0000067e       0x14 c:/arduino/hardware/tools/avr/bin/../lib/gcc/avr/7.3.0/avr5\libgcc.a(_muldi3_6.o)
 .debug_abbrev  0x00000692       0x14 c:/arduino/hardware/tools/avr/bin/../lib/gcc/avr/7.3.0/avr5\libgcc.a(_umulsidi3.o)
 .debug_abbrev  0x000006a6       0x14 c:/arduino/hardware/tools/avr/bin/../lib/gcc/avr/7.3.0/avr5\libgcc.a(_prologue.o)
 .debug_abbrev  0x000006ba       0x14 c:/arduino/hardware/tools/avr/bin/../lib/gcc/avr/7.3.0/avr5\libgcc.a(_epilogue.o)
 .debug_abbrev  0x000006ce       0x14 c:/arduino/hardware/tools/avr/bin/../lib/gcc/avr/7.3.0/avr5\libgcc.a(_cmpdi2.o)
 .debug_abbrev  0x000006e2       0x14 c:/arduino/hardware/tools/avr/bin/../lib/gcc/avr/7.3.0/avr5\libgcc.a(_tablejump2.o)

.debug_line     0x00000000      0xc2a
 *(.debug_line .debug_line.* .debug_line_end)
 .debug_line    0x00000000       0x1a c:/arduino/hardware/tools/avr/bin/../lib/gcc/avr/7.3.0/../../../../avr/lib/avr5/crtatmega328p.o
 .debug_line    0x0000001a       0xb0 c:/arduino/hardware/tools/avr/bin/../lib/gcc/avr/7.3.0/avr5\libgcc.a(_mulsi3.o)
 .debug_line    0x000000ca      0x122 c:/arduino/hardware/tools/avr/bin/../lib/gcc/avr/7.3.0/avr5\libgcc.a(_udivmodsi4.o)
 .debug_line    0x000001ec       0x62 c:/arduino/hardware/tools/avr/bin/../lib/gcc/avr/7.3.0/avr5\libgcc.a(_exit.o)
 .debug_line    0x0000024e       0x98 c:/arduino/hardware/tools/avr/bin/../lib/gcc/avr/7.3.0/avr5\libgcc.a(_copy_data.o)
 .debug_line    0x000002e6       0x86 c:/arduino/hardware/tools/avr/bin/../lib/gcc/avr/7.3.0/avr5\libgcc.a(_clear_bss.o)
 .debug_line    0x0000036c       0x92 c:/arduino/hardware/tools/avr/bin/../lib/gcc/avr/7.3.0/avr5\libgcc.a(_ctors.o)
 .debug_line    0x000003fe       0x92 c:/arduino/hardware/tools/avr/bin/../lib/gcc/avr/7.3.0/avr5\libgcc.a(_dtors.o)
 .debug_line    0x00000490       0xb0 c:/arduino/hardware/tools/avr/bin/../lib/gcc/avr/7.3.0/avr5\libgcc.a(_umulhisi3.o)
 .debug_line    0x00000540       0x7a c:/arduino/hardware/tools/avr/bin/../lib/gcc/avr/7.3.0/avr5\libgcc.a(_usmulhisi3.o)
 .debug_line    0x000005ba       0x92 c:/arduino/hardware/tools/avr/bin/../lib/gcc/avr/7.3.0/avr5\libgcc.a(_muluhisi3.o)
 .debug_line    0x0000064c      0x170 c:/arduino/hardware/tools/avr/bin/../lib/gcc/avr/7.3.0/avr5\libgcc.a(_muldi3.o)
 .debug_line    0x000007bc       0x86 c:/arduino/hardware/tools/avr/bin/../lib/gcc/avr/7.3.0/avr5\libgcc.a(_muldi3_6.o)
 .debug_line    0x00000842      0x110 c:/arduino/hardware/tools/avr/bin/../lib/gcc/avr/7.3.0/avr5\libgcc.a(_umulsidi3.o)
 .debug_line    0x00000952       0xfe c:/arduino/hardware/tools/avr/bin/../lib/gcc/avr/7.3.0/avr5\libgcc.a(_prologue.o)
 .debug_line    0x00000a50       0xf8 c:/arduino/hardware/tools/avr/bin/../lib/gcc/avr/7.3.0/avr5\libgcc.a(_epilogue.o)
 .debug_line    0x00000b48       0x68 c:/arduino/hardware/tools/avr/bin/../lib/gcc/avr/7.3.0/avr5\libgcc.a(_cmpdi2.o)
 .debug_line    0x00000bb0       0x7a c:/arduino/hardware/tools/avr/bin/../lib/gcc/avr/7.3.0/avr5\libgcc.a(_tablejump2.o)

.debug_frame
 *(.debug_frame)

.debug_str      0x00000000      0x208
 *(.debug_str)
 .debug_str     0x00000000      0x208 c:/arduino/hardware/tools/avr/bin/../lib/gcc/avr/7.3.0/../../../../avr/lib/avr5/crtatmega328p.o

.debug_loc
 *(.debug_loc)

.debug_macinfo
 *(.debug_macinfo)

.debug_weaknames
 *(.debug_weaknames)

.debug_funcnames
 *(.debug_funcnames)

.debug_typenames
 *(.debug_typenames)

.debug_varnames
 *(.debug_varnames)

.debug_pubtypes
 *(.debug_pubtypes)

.debug_ranges
 *(.debug_ranges)

.debug_macro
 *(.debug_macro)
OUTPUT(arduino.elf elf32-avr)
LOAD linker stubs
